XXXXXXXXXXXXXXXXXXXXXXXXXXXXXXXXXXXXXXXXX
X                     g                dX
X                                       X
X                                       X
X                                       X
X                                       X
X                                       X
X                                       X
X        a                              X
X                                       X
X                                       X
X                                       X
X                        b              X
X                                       X
X                                       X
X                                       X
X                                       X
X                                       X
X                                       X
X                                       X
X                   A                   X
X                                       X
X                                       X
X                                       X
X                                       X
X                                       X
X                                       X
X                                       X
X                                       X
X                                      eX
X                    g                  X
X                                       X
X                                       X
X                                       X
X                                       X
X       f                               X
X                                       X
X                                       X
X                          a            X
X                                       X
XXXXXXXXXXXXXXXXXXXXXXXXXXXXXXXXXXXXXXXXX